2025-08-28 15:52:53.029	error	connect nats server fail,err	{"error": "dial tcp 127.0.0.1:4222: connectex: No connection could be made because the target machine actively refused it."}
2025-08-28 15:53:06.639	error	connect nats server fail,err	{"error": "dial tcp 127.0.0.1:4222: connectex: No connection could be made because the target machine actively refused it."}
2025-08-28 15:53:23.473	error	connect nats server fail,err	{"error": "dial tcp [::1]:4222: connectex: No connection could be made because the target machine actively refused it."}
2025-08-28 16:10:25.326	error	unexpected close	{"client:": "6c7d2298-5749-428a-84b8-a8f80b69128c-connector-001-10001", "error": "websocket: close 1005 (no status)"}
2025-08-28 16:10:53.043	error	decode stream	{"error": "data len invalid"}
2025-08-28 16:11:12.024	error	unsupported stream type	{"messageType": 1}
2025-08-28 16:12:50.544	error	unsupported stream type	{"messageType": 1}
2025-08-28 16:12:51.725	error	unsupported stream type	{"messageType": 1}
2025-08-28 16:13:05.717	error	unsupported stream type	{"messageType": 1}
2025-08-28 16:13:58.518	error	routeEvent 	{"error": "no packetType found"}
2025-08-28 16:15:10.346	error	routeEvent 	{"error": "no packetType found"}
2025-08-28 16:15:31.621	error	routeEvent 	{"error": "no packetType found"}
2025-08-28 16:16:11.932	error	routeEvent 	{"error": "no packetType found"}
2025-08-28 16:22:38.435	error	routeEvent 	{"error": "no packetType found"}
2025-08-28 16:23:38.178	error	routeEvent 	{"error": "no packetType found"}
2025-08-28 16:23:57.899	error	routeEvent 	{"error": "no packetType found"}
2025-08-28 16:34:27.667	error	routeEvent 	{"error": "no packetType found"}
2025-08-28 16:34:28.460	error	routeEvent 	{"error": "no packetType found"}
2025-08-28 16:34:28.830	error	routeEvent 	{"error": "no packetType found"}
2025-08-28 16:34:29.015	error	routeEvent 	{"error": "no packetType found"}
2025-08-28 16:34:29.195	error	routeEvent 	{"error": "no packetType found"}
2025-08-28 17:02:46.710	error	routeEvent 	{"error": "no packetType found"}
2025-08-28 17:02:48.655	error	routeEvent 	{"error": "no packetType found"}
2025-08-28 17:03:12.711	error	routeEvent 	{"error": "no packetType found"}
2025-08-28 17:03:46.599	error	decode stream	{"error": "json: cannot unmarshal number into Go struct field Packet.type of type string"}
2025-08-28 17:04:11.039	error	decode stream	{"error": "json: cannot unmarshal number into Go struct field Packet.type of type string"}
2025-08-28 17:04:33.237	error	decode stream	{"error": "json: cannot unmarshal number into Go struct field Packet.type of type string"}
2025-08-28 17:05:28.955	error	writeMessage  BinaryMessage fail 	{"client:": "8639c695-4649-4f98-8471-e7eee28d1f5d-connector-001-10003", "error": "write tcp [::1]:12000->[::1]:64867: use of closed network connection"}
2025-08-28 17:07:52.242	error	writeMessage  BinaryMessage fail 	{"client:": "cbad737c-8ba3-4199-8a02-32ec4f052214-connector-001-10001", "error": "write tcp [::1]:12000->[::1]:58077: use of closed network connection"}
2025-08-28 17:23:53.566	error	unexpected close	{"client:": "c8bf55a9-6a26-4faa-a6e6-752b9519c2e0-connector-001-10001", "error": "websocket: close 1005 (no status)"}
